// Jest Snapshot v1, https://goo.gl/fbAQLP

exports[`renders correctly 1`] = `
<ul
  className="contacts"
>
  <Contact
    id="test-id-1"
    name="test-name-1"
  />
  <Contact
    id="test-id-2"
    name="test-name-2"
  />
  <Contact
    id="test-id-3"
    name="test-name-3"
  />
</ul>
`;
